<?xml version="1.0" encoding="ISO-8859-1" ?>
<link_info>
   <banner>TI ARM Linker Unix v18.1.1.LTS</banner>
   <copyright>Copyright (c) 1996-2017 Texas Instruments Incorporated</copyright>
   <link_time>0x5b3c382a</link_time>
   <link_errors>0x0</link_errors>
   <output_file>projeto2 Joystick.out</output_file>
   <entry_point>
      <name>_c_int00_noargs</name>
      <address>0x9dd</address>
   </entry_point>
   <input_file_list>
      <input_file id="fl-1">
         <path>./</path>
         <kind>object</kind>
         <file>main.obj</file>
         <name>main.obj</name>
      </input_file>
      <input_file id="fl-2">
         <path>./</path>
         <kind>object</kind>
         <file>tm4c123gh6pm_startup_ccs.obj</file>
         <name>tm4c123gh6pm_startup_ccs.obj</name>
      </input_file>
      <input_file id="fl-3">
         <path>./bibliotecas/</path>
         <kind>object</kind>
         <file>gpioUtils.obj</file>
         <name>gpioUtils.obj</name>
      </input_file>
      <input_file id="fl-4">
         <path>./bibliotecas/</path>
         <kind>object</kind>
         <file>utilitarioTiva.obj</file>
         <name>utilitarioTiva.obj</name>
      </input_file>
      <input_file id="fl-8">
         <kind>object</kind>
         <file>&lt;internal&gt;</file>
         <name>&lt;internal&gt;</name>
      </input_file>
      <input_file id="fl-be">
         <path>/opt/ti/ccsv8/tools/compiler/ti-cgt-arm_18.1.1.LTS/lib/</path>
         <kind>archive</kind>
         <file>rtsv7M4_T_le_v4SPD16_eabi.lib</file>
         <name>copy_zero_init.c.obj</name>
      </input_file>
      <input_file id="fl-bf">
         <path>/opt/ti/ccsv8/tools/compiler/ti-cgt-arm_18.1.1.LTS/lib/</path>
         <kind>archive</kind>
         <file>rtsv7M4_T_le_v4SPD16_eabi.lib</file>
         <name>copy_decompress_none.c.obj</name>
      </input_file>
      <input_file id="fl-c0">
         <path>/opt/ti/ccsv8/tools/compiler/ti-cgt-arm_18.1.1.LTS/lib/</path>
         <kind>archive</kind>
         <file>rtsv7M4_T_le_v4SPD16_eabi.lib</file>
         <name>copy_decompress_lzss.c.obj</name>
      </input_file>
      <input_file id="fl-c1">
         <path>/opt/ti/ccsv8/tools/compiler/ti-cgt-arm_18.1.1.LTS/lib/</path>
         <kind>archive</kind>
         <file>rtsv7M4_T_le_v4SPD16_eabi.lib</file>
         <name>boot_cortex_m.c.obj</name>
      </input_file>
      <input_file id="fl-c2">
         <path>/opt/ti/ccsv8/tools/compiler/ti-cgt-arm_18.1.1.LTS/lib/</path>
         <kind>archive</kind>
         <file>rtsv7M4_T_le_v4SPD16_eabi.lib</file>
         <name>exit.c.obj</name>
      </input_file>
      <input_file id="fl-c3">
         <path>/opt/ti/ccsv8/tools/compiler/ti-cgt-arm_18.1.1.LTS/lib/</path>
         <kind>archive</kind>
         <file>rtsv7M4_T_le_v4SPD16_eabi.lib</file>
         <name>_lock.c.obj</name>
      </input_file>
      <input_file id="fl-c4">
         <path>/opt/ti/ccsv8/tools/compiler/ti-cgt-arm_18.1.1.LTS/lib/</path>
         <kind>archive</kind>
         <file>rtsv7M4_T_le_v4SPD16_eabi.lib</file>
         <name>args_main.c.obj</name>
      </input_file>
      <input_file id="fl-c5">
         <path>/opt/ti/ccsv8/tools/compiler/ti-cgt-arm_18.1.1.LTS/lib/</path>
         <kind>archive</kind>
         <file>rtsv7M4_T_le_v4SPD16_eabi.lib</file>
         <name>memcpy_t2.asm.obj</name>
      </input_file>
      <input_file id="fl-c6">
         <path>/opt/ti/ccsv8/tools/compiler/ti-cgt-arm_18.1.1.LTS/lib/</path>
         <kind>archive</kind>
         <file>rtsv7M4_T_le_v4SPD16_eabi.lib</file>
         <name>memset_t2.asm.obj</name>
      </input_file>
      <input_file id="fl-c7">
         <path>/opt/ti/ccsv8/tools/compiler/ti-cgt-arm_18.1.1.LTS/lib/</path>
         <kind>archive</kind>
         <file>rtsv7M4_T_le_v4SPD16_eabi.lib</file>
         <name>autoinit.c.obj</name>
      </input_file>
      <input_file id="fl-c8">
         <path>/opt/ti/ccsv8/tools/compiler/ti-cgt-arm_18.1.1.LTS/lib/</path>
         <kind>archive</kind>
         <file>rtsv7M4_T_le_v4SPD16_eabi.lib</file>
         <name>pre_init.c.obj</name>
      </input_file>
      <input_file id="fl-c9">
         <path>/opt/ti/ccsv8/tools/compiler/ti-cgt-arm_18.1.1.LTS/lib/</path>
         <kind>archive</kind>
         <file>rtsv7M4_T_le_v4SPD16_eabi.lib</file>
         <name>cpy_tbl.c.obj</name>
      </input_file>
   </input_file_list>
   <object_component_list>
      <object_component id="oc-f">
         <name>.intvecs</name>
         <load_address>0x0</load_address>
         <run_address>0x0</run_address>
         <size>0x26c</size>
         <input_file_ref idref="fl-2"/>
      </object_component>
      <object_component id="oc-2a">
         <name>.text</name>
         <load_address>0x26c</load_address>
         <run_address>0x26c</run_address>
         <size>0x384</size>
         <input_file_ref idref="fl-1"/>
      </object_component>
      <object_component id="oc-77">
         <name>.text</name>
         <load_address>0x5f0</load_address>
         <run_address>0x5f0</run_address>
         <size>0x354</size>
         <input_file_ref idref="fl-3"/>
      </object_component>
      <object_component id="oc-71">
         <name>.text</name>
         <load_address>0x944</load_address>
         <run_address>0x944</run_address>
         <size>0x54</size>
         <input_file_ref idref="fl-4"/>
      </object_component>
      <object_component id="oc-e3">
         <name>.text:__TI_auto_init_nobinit_nopinit:__TI_auto_init_nobinit_nopinit</name>
         <load_address>0x998</load_address>
         <run_address>0x998</run_address>
         <size>0x44</size>
         <input_file_ref idref="fl-c7"/>
      </object_component>
      <object_component id="oc-5c">
         <name>.text:_c_int00_noargs:_c_int00_noargs</name>
         <load_address>0x9dc</load_address>
         <run_address>0x9dc</run_address>
         <size>0x38</size>
         <input_file_ref idref="fl-c1"/>
      </object_component>
      <object_component id="oc-4a">
         <name>.text:decompress:ZI:__TI_zero_init_nomemset:__TI_zero_init_nomemset</name>
         <load_address>0xa14</load_address>
         <run_address>0xa14</run_address>
         <size>0x12</size>
         <input_file_ref idref="fl-be"/>
      </object_component>
      <object_component id="oc-24">
         <name>.text</name>
         <load_address>0xa26</load_address>
         <run_address>0xa26</run_address>
         <size>0xc</size>
         <input_file_ref idref="fl-2"/>
      </object_component>
      <object_component id="oc-ab">
         <name>.text:_system_pre_init</name>
         <load_address>0xa32</load_address>
         <run_address>0xa32</run_address>
         <size>0x4</size>
         <input_file_ref idref="fl-c8"/>
      </object_component>
      <object_component id="oc-d7">
         <name>.text:abort:abort</name>
         <load_address>0xa36</load_address>
         <run_address>0xa36</run_address>
         <size>0x4</size>
         <input_file_ref idref="fl-c2"/>
      </object_component>
      <object_component id="oc-190">
         <name>.cinit..bss.load</name>
         <load_address>0xa40</load_address>
         <run_address>0xa40</run_address>
         <size>0x8</size>
      </object_component>
      <object_component id="oc-18e">
         <name>__TI_handler_table</name>
         <load_address>0xa48</load_address>
         <run_address>0xa48</run_address>
         <size>0x4</size>
      </object_component>
      <object_component id="oc-18f">
         <name>__TI_cinit_table</name>
         <load_address>0xa4c</load_address>
         <run_address>0xa4c</run_address>
         <size>0x8</size>
      </object_component>
      <object_component id="oc-81">
         <name>.common:microsAtual</name>
         <uninitialized>true</uninitialized>
         <run_address>0x20000208</run_address>
         <size>0x4</size>
      </object_component>
      <object_component id="oc-82">
         <name>.common:millisAtual</name>
         <uninitialized>true</uninitialized>
         <run_address>0x2000020c</run_address>
         <size>0x4</size>
      </object_component>
      <object_component id="oc-7d">
         <name>.common:leituraX</name>
         <uninitialized>true</uninitialized>
         <run_address>0x20000200</run_address>
         <size>0x4</size>
      </object_component>
      <object_component id="oc-80">
         <name>.common:leituraY</name>
         <uninitialized>true</uninitialized>
         <run_address>0x20000204</run_address>
         <size>0x4</size>
      </object_component>
      <object_component id="oc-21">
         <name>.stack</name>
         <uninitialized>true</uninitialized>
         <run_address>0x20000000</run_address>
         <size>0x4</size>
         <input_file_ref idref="fl-c1"/>
      </object_component>
      <object_component id="oc-191">
         <name>.stack</name>
         <uninitialized>true</uninitialized>
         <run_address>0x20000000</run_address>
         <size>0x0</size>
      </object_component>
      <object_component id="oc-7e">
         <name>.debug_info</name>
         <load_address>0x0</load_address>
         <run_address>0x0</run_address>
         <size>0x5c6</size>
         <input_file_ref idref="fl-1"/>
      </object_component>
      <object_component id="oc-2b">
         <name>.debug_info</name>
         <load_address>0x5c6</load_address>
         <run_address>0x5c6</run_address>
         <size>0x672</size>
         <input_file_ref idref="fl-1"/>
      </object_component>
      <object_component id="oc-86">
         <name>.debug_info</name>
         <load_address>0xc38</load_address>
         <run_address>0xc38</run_address>
         <size>0x26b</size>
         <input_file_ref idref="fl-1"/>
      </object_component>
      <object_component id="oc-39">
         <name>.debug_info</name>
         <load_address>0xea3</load_address>
         <run_address>0xea3</run_address>
         <size>0x84</size>
         <input_file_ref idref="fl-1"/>
      </object_component>
      <object_component id="oc-c2">
         <name>.debug_info</name>
         <load_address>0xf27</load_address>
         <run_address>0xf27</run_address>
         <size>0x297</size>
         <input_file_ref idref="fl-1"/>
      </object_component>
      <object_component id="oc-8b">
         <name>.debug_info</name>
         <load_address>0x11be</load_address>
         <run_address>0x11be</run_address>
         <size>0xbb</size>
         <input_file_ref idref="fl-1"/>
      </object_component>
      <object_component id="oc-32">
         <name>.debug_info</name>
         <load_address>0x1279</load_address>
         <run_address>0x1279</run_address>
         <size>0x36e</size>
         <input_file_ref idref="fl-2"/>
      </object_component>
      <object_component id="oc-10">
         <name>.debug_info</name>
         <load_address>0x15e7</load_address>
         <run_address>0x15e7</run_address>
         <size>0xef</size>
         <input_file_ref idref="fl-2"/>
      </object_component>
      <object_component id="oc-25">
         <name>.debug_info</name>
         <load_address>0x16d6</load_address>
         <run_address>0x16d6</run_address>
         <size>0x26b</size>
         <input_file_ref idref="fl-2"/>
      </object_component>
      <object_component id="oc-bf">
         <name>.debug_info</name>
         <load_address>0x1941</load_address>
         <run_address>0x1941</run_address>
         <size>0x27a</size>
         <input_file_ref idref="fl-3"/>
      </object_component>
      <object_component id="oc-78">
         <name>.debug_info</name>
         <load_address>0x1bbb</load_address>
         <run_address>0x1bbb</run_address>
         <size>0xe91</size>
         <input_file_ref idref="fl-3"/>
      </object_component>
      <object_component id="oc-72">
         <name>.debug_info</name>
         <load_address>0x2a4c</load_address>
         <run_address>0x2a4c</run_address>
         <size>0x32f</size>
         <input_file_ref idref="fl-4"/>
      </object_component>
      <object_component id="oc-a4">
         <name>.debug_info</name>
         <load_address>0x2d7b</load_address>
         <run_address>0x2d7b</run_address>
         <size>0x313</size>
         <input_file_ref idref="fl-be"/>
      </object_component>
      <object_component id="oc-4b">
         <name>.debug_info</name>
         <load_address>0x308e</load_address>
         <run_address>0x308e</run_address>
         <size>0x1b4</size>
         <input_file_ref idref="fl-be"/>
      </object_component>
      <object_component id="oc-9f">
         <name>.debug_info</name>
         <load_address>0x3242</load_address>
         <run_address>0x3242</run_address>
         <size>0x46</size>
         <input_file_ref idref="fl-be"/>
      </object_component>
      <object_component id="oc-ce">
         <name>.debug_info</name>
         <load_address>0x3288</load_address>
         <run_address>0x3288</run_address>
         <size>0x2c</size>
         <input_file_ref idref="fl-be"/>
      </object_component>
      <object_component id="oc-22">
         <name>.debug_info</name>
         <load_address>0x32b4</load_address>
         <run_address>0x32b4</run_address>
         <size>0x100</size>
         <input_file_ref idref="fl-c1"/>
      </object_component>
      <object_component id="oc-5d">
         <name>.debug_info</name>
         <load_address>0x33b4</load_address>
         <run_address>0x33b4</run_address>
         <size>0x1a4</size>
         <input_file_ref idref="fl-c1"/>
      </object_component>
      <object_component id="oc-d8">
         <name>.debug_info</name>
         <load_address>0x3558</load_address>
         <run_address>0x3558</run_address>
         <size>0x117</size>
         <input_file_ref idref="fl-c2"/>
      </object_component>
      <object_component id="oc-122">
         <name>.debug_info</name>
         <load_address>0x366f</load_address>
         <run_address>0x366f</run_address>
         <size>0x547</size>
         <input_file_ref idref="fl-c7"/>
      </object_component>
      <object_component id="oc-e4">
         <name>.debug_info</name>
         <load_address>0x3bb6</load_address>
         <run_address>0x3bb6</run_address>
         <size>0x19b</size>
         <input_file_ref idref="fl-c7"/>
      </object_component>
      <object_component id="oc-147">
         <name>.debug_info</name>
         <load_address>0x3d51</load_address>
         <run_address>0x3d51</run_address>
         <size>0x39</size>
         <input_file_ref idref="fl-c7"/>
      </object_component>
      <object_component id="oc-15b">
         <name>.debug_info</name>
         <load_address>0x3d8a</load_address>
         <run_address>0x3d8a</run_address>
         <size>0x39</size>
         <input_file_ref idref="fl-c7"/>
      </object_component>
      <object_component id="oc-14c">
         <name>.debug_info</name>
         <load_address>0x3dc3</load_address>
         <run_address>0x3dc3</run_address>
         <size>0x39</size>
         <input_file_ref idref="fl-c7"/>
      </object_component>
      <object_component id="oc-151">
         <name>.debug_info</name>
         <load_address>0x3dfc</load_address>
         <run_address>0x3dfc</run_address>
         <size>0xcd</size>
         <input_file_ref idref="fl-c7"/>
      </object_component>
      <object_component id="oc-ac">
         <name>.debug_info</name>
         <load_address>0x3ec9</load_address>
         <run_address>0x3ec9</run_address>
         <size>0x148</size>
         <input_file_ref idref="fl-c8"/>
      </object_component>
      <object_component id="oc-192">
         <name>.debug_info</name>
         <load_address>0x4011</load_address>
         <run_address>0x4011</run_address>
         <size>0xa5</size>
      </object_component>
      <object_component id="oc-c1">
         <name>.debug_line</name>
         <load_address>0x0</load_address>
         <run_address>0x0</run_address>
         <size>0x6e</size>
         <input_file_ref idref="fl-1"/>
      </object_component>
      <object_component id="oc-2e">
         <name>.debug_line</name>
         <load_address>0x6e</load_address>
         <run_address>0x6e</run_address>
         <size>0x136</size>
         <input_file_ref idref="fl-1"/>
      </object_component>
      <object_component id="oc-89">
         <name>.debug_line</name>
         <load_address>0x1a4</load_address>
         <run_address>0x1a4</run_address>
         <size>0x6b</size>
         <input_file_ref idref="fl-1"/>
      </object_component>
      <object_component id="oc-3c">
         <name>.debug_line</name>
         <load_address>0x20f</load_address>
         <run_address>0x20f</run_address>
         <size>0x20</size>
         <input_file_ref idref="fl-1"/>
      </object_component>
      <object_component id="oc-c5">
         <name>.debug_line</name>
         <load_address>0x22f</load_address>
         <run_address>0x22f</run_address>
         <size>0x6f</size>
         <input_file_ref idref="fl-1"/>
      </object_component>
      <object_component id="oc-8e">
         <name>.debug_line</name>
         <load_address>0x29e</load_address>
         <run_address>0x29e</run_address>
         <size>0x6c</size>
         <input_file_ref idref="fl-1"/>
      </object_component>
      <object_component id="oc-85">
         <name>.debug_line</name>
         <load_address>0x30a</load_address>
         <run_address>0x30a</run_address>
         <size>0x41</size>
         <input_file_ref idref="fl-2"/>
      </object_component>
      <object_component id="oc-31">
         <name>.debug_line</name>
         <load_address>0x34b</load_address>
         <run_address>0x34b</run_address>
         <size>0x41</size>
         <input_file_ref idref="fl-2"/>
      </object_component>
      <object_component id="oc-28">
         <name>.debug_line</name>
         <load_address>0x38c</load_address>
         <run_address>0x38c</run_address>
         <size>0xa1</size>
         <input_file_ref idref="fl-2"/>
      </object_component>
      <object_component id="oc-116">
         <name>.debug_line</name>
         <load_address>0x42d</load_address>
         <run_address>0x42d</run_address>
         <size>0x20</size>
         <input_file_ref idref="fl-3"/>
      </object_component>
      <object_component id="oc-7b">
         <name>.debug_line</name>
         <load_address>0x44d</load_address>
         <run_address>0x44d</run_address>
         <size>0x1f1</size>
         <input_file_ref idref="fl-3"/>
      </object_component>
      <object_component id="oc-75">
         <name>.debug_line</name>
         <load_address>0x63e</load_address>
         <run_address>0x63e</run_address>
         <size>0xa7</size>
         <input_file_ref idref="fl-4"/>
      </object_component>
      <object_component id="oc-d4">
         <name>.debug_line</name>
         <load_address>0x6e5</load_address>
         <run_address>0x6e5</run_address>
         <size>0x9e</size>
         <input_file_ref idref="fl-be"/>
      </object_component>
      <object_component id="oc-4e">
         <name>.debug_line</name>
         <load_address>0x783</load_address>
         <run_address>0x783</run_address>
         <size>0x4f</size>
         <input_file_ref idref="fl-be"/>
      </object_component>
      <object_component id="oc-a2">
         <name>.debug_line</name>
         <load_address>0x7d2</load_address>
         <run_address>0x7d2</run_address>
         <size>0x34</size>
         <input_file_ref idref="fl-be"/>
      </object_component>
      <object_component id="oc-d1">
         <name>.debug_line</name>
         <load_address>0x806</load_address>
         <run_address>0x806</run_address>
         <size>0x8a</size>
         <input_file_ref idref="fl-be"/>
      </object_component>
      <object_component id="oc-6f">
         <name>.debug_line</name>
         <load_address>0x890</load_address>
         <run_address>0x890</run_address>
         <size>0x33</size>
         <input_file_ref idref="fl-c1"/>
      </object_component>
      <object_component id="oc-60">
         <name>.debug_line</name>
         <load_address>0x8c3</load_address>
         <run_address>0x8c3</run_address>
         <size>0x56</size>
         <input_file_ref idref="fl-c1"/>
      </object_component>
      <object_component id="oc-db">
         <name>.debug_line</name>
         <load_address>0x919</load_address>
         <run_address>0x919</run_address>
         <size>0x3c</size>
         <input_file_ref idref="fl-c2"/>
      </object_component>
      <object_component id="oc-146">
         <name>.debug_line</name>
         <load_address>0x955</load_address>
         <run_address>0x955</run_address>
         <size>0xb7</size>
         <input_file_ref idref="fl-c7"/>
      </object_component>
      <object_component id="oc-e7">
         <name>.debug_line</name>
         <load_address>0xa0c</load_address>
         <run_address>0xa0c</run_address>
         <size>0x6c</size>
         <input_file_ref idref="fl-c7"/>
      </object_component>
      <object_component id="oc-14a">
         <name>.debug_line</name>
         <load_address>0xa78</load_address>
         <run_address>0xa78</run_address>
         <size>0x2e</size>
         <input_file_ref idref="fl-c7"/>
      </object_component>
      <object_component id="oc-15e">
         <name>.debug_line</name>
         <load_address>0xaa6</load_address>
         <run_address>0xaa6</run_address>
         <size>0x92</size>
         <input_file_ref idref="fl-c7"/>
      </object_component>
      <object_component id="oc-14f">
         <name>.debug_line</name>
         <load_address>0xb38</load_address>
         <run_address>0xb38</run_address>
         <size>0x8f</size>
         <input_file_ref idref="fl-c7"/>
      </object_component>
      <object_component id="oc-154">
         <name>.debug_line</name>
         <load_address>0xbc7</load_address>
         <run_address>0xbc7</run_address>
         <size>0x8b</size>
         <input_file_ref idref="fl-c7"/>
      </object_component>
      <object_component id="oc-af">
         <name>.debug_line</name>
         <load_address>0xc52</load_address>
         <run_address>0xc52</run_address>
         <size>0x40</size>
         <input_file_ref idref="fl-c8"/>
      </object_component>
      <object_component id="oc-2f">
         <name>.debug_frame</name>
         <load_address>0x0</load_address>
         <run_address>0x0</run_address>
         <size>0x108</size>
         <input_file_ref idref="fl-1"/>
      </object_component>
      <object_component id="oc-29">
         <name>.debug_frame</name>
         <load_address>0x108</load_address>
         <run_address>0x108</run_address>
         <size>0x90</size>
         <input_file_ref idref="fl-2"/>
      </object_component>
      <object_component id="oc-7c">
         <name>.debug_frame</name>
         <load_address>0x198</load_address>
         <run_address>0x198</run_address>
         <size>0x1a8</size>
         <input_file_ref idref="fl-3"/>
      </object_component>
      <object_component id="oc-76">
         <name>.debug_frame</name>
         <load_address>0x340</load_address>
         <run_address>0x340</run_address>
         <size>0x98</size>
         <input_file_ref idref="fl-4"/>
      </object_component>
      <object_component id="oc-4f">
         <name>.debug_frame</name>
         <load_address>0x3d8</load_address>
         <run_address>0x3d8</run_address>
         <size>0x54</size>
         <input_file_ref idref="fl-be"/>
      </object_component>
      <object_component id="oc-61">
         <name>.debug_frame</name>
         <load_address>0x42c</load_address>
         <run_address>0x42c</run_address>
         <size>0x58</size>
         <input_file_ref idref="fl-c1"/>
      </object_component>
      <object_component id="oc-dc">
         <name>.debug_frame</name>
         <load_address>0x484</load_address>
         <run_address>0x484</run_address>
         <size>0x54</size>
         <input_file_ref idref="fl-c2"/>
      </object_component>
      <object_component id="oc-e8">
         <name>.debug_frame</name>
         <load_address>0x4d8</load_address>
         <run_address>0x4d8</run_address>
         <size>0x5c</size>
         <input_file_ref idref="fl-c7"/>
      </object_component>
      <object_component id="oc-b0">
         <name>.debug_frame</name>
         <load_address>0x534</load_address>
         <run_address>0x534</run_address>
         <size>0x54</size>
         <input_file_ref idref="fl-c8"/>
      </object_component>
      <object_component id="oc-c0">
         <name>.debug_abbrev</name>
         <load_address>0x0</load_address>
         <run_address>0x0</run_address>
         <size>0xa2</size>
         <input_file_ref idref="fl-1"/>
      </object_component>
      <object_component id="oc-83">
         <name>.debug_abbrev</name>
         <load_address>0xa2</load_address>
         <run_address>0xa2</run_address>
         <size>0x8d</size>
         <input_file_ref idref="fl-1"/>
      </object_component>
      <object_component id="oc-88">
         <name>.debug_abbrev</name>
         <load_address>0x12f</load_address>
         <run_address>0x12f</run_address>
         <size>0x69</size>
         <input_file_ref idref="fl-1"/>
      </object_component>
      <object_component id="oc-3b">
         <name>.debug_abbrev</name>
         <load_address>0x198</load_address>
         <run_address>0x198</run_address>
         <size>0x1f</size>
         <input_file_ref idref="fl-1"/>
      </object_component>
      <object_component id="oc-c4">
         <name>.debug_abbrev</name>
         <load_address>0x1b7</load_address>
         <run_address>0x1b7</run_address>
         <size>0x5c</size>
         <input_file_ref idref="fl-1"/>
      </object_component>
      <object_component id="oc-8d">
         <name>.debug_abbrev</name>
         <load_address>0x213</load_address>
         <run_address>0x213</run_address>
         <size>0x24</size>
         <input_file_ref idref="fl-1"/>
      </object_component>
      <object_component id="oc-84">
         <name>.debug_abbrev</name>
         <load_address>0x237</load_address>
         <run_address>0x237</run_address>
         <size>0x7c</size>
         <input_file_ref idref="fl-2"/>
      </object_component>
      <object_component id="oc-30">
         <name>.debug_abbrev</name>
         <load_address>0x2b3</load_address>
         <run_address>0x2b3</run_address>
         <size>0x29</size>
         <input_file_ref idref="fl-2"/>
      </object_component>
      <object_component id="oc-70">
         <name>.debug_abbrev</name>
         <load_address>0x2dc</load_address>
         <run_address>0x2dc</run_address>
         <size>0x79</size>
         <input_file_ref idref="fl-2"/>
      </object_component>
      <object_component id="oc-115">
         <name>.debug_abbrev</name>
         <load_address>0x355</load_address>
         <run_address>0x355</run_address>
         <size>0x37</size>
         <input_file_ref idref="fl-3"/>
      </object_component>
      <object_component id="oc-be">
         <name>.debug_abbrev</name>
         <load_address>0x38c</load_address>
         <run_address>0x38c</run_address>
         <size>0xa9</size>
         <input_file_ref idref="fl-3"/>
      </object_component>
      <object_component id="oc-bd">
         <name>.debug_abbrev</name>
         <load_address>0x435</load_address>
         <run_address>0x435</run_address>
         <size>0x9b</size>
         <input_file_ref idref="fl-4"/>
      </object_component>
      <object_component id="oc-d3">
         <name>.debug_abbrev</name>
         <load_address>0x4d0</load_address>
         <run_address>0x4d0</run_address>
         <size>0x73</size>
         <input_file_ref idref="fl-be"/>
      </object_component>
      <object_component id="oc-9e">
         <name>.debug_abbrev</name>
         <load_address>0x543</load_address>
         <run_address>0x543</run_address>
         <size>0x6f</size>
         <input_file_ref idref="fl-be"/>
      </object_component>
      <object_component id="oc-a1">
         <name>.debug_abbrev</name>
         <load_address>0x5b2</load_address>
         <run_address>0x5b2</run_address>
         <size>0x24</size>
         <input_file_ref idref="fl-be"/>
      </object_component>
      <object_component id="oc-d0">
         <name>.debug_abbrev</name>
         <load_address>0x5d6</load_address>
         <run_address>0x5d6</run_address>
         <size>0x24</size>
         <input_file_ref idref="fl-be"/>
      </object_component>
      <object_component id="oc-6e">
         <name>.debug_abbrev</name>
         <load_address>0x5fa</load_address>
         <run_address>0x5fa</run_address>
         <size>0x29</size>
         <input_file_ref idref="fl-c1"/>
      </object_component>
      <object_component id="oc-b4">
         <name>.debug_abbrev</name>
         <load_address>0x623</load_address>
         <run_address>0x623</run_address>
         <size>0x61</size>
         <input_file_ref idref="fl-c1"/>
      </object_component>
      <object_component id="oc-117">
         <name>.debug_abbrev</name>
         <load_address>0x684</load_address>
         <run_address>0x684</run_address>
         <size>0x45</size>
         <input_file_ref idref="fl-c2"/>
      </object_component>
      <object_component id="oc-145">
         <name>.debug_abbrev</name>
         <load_address>0x6c9</load_address>
         <run_address>0x6c9</run_address>
         <size>0xdb</size>
         <input_file_ref idref="fl-c7"/>
      </object_component>
      <object_component id="oc-121">
         <name>.debug_abbrev</name>
         <load_address>0x7a4</load_address>
         <run_address>0x7a4</run_address>
         <size>0x7e</size>
         <input_file_ref idref="fl-c7"/>
      </object_component>
      <object_component id="oc-149">
         <name>.debug_abbrev</name>
         <load_address>0x822</load_address>
         <run_address>0x822</run_address>
         <size>0x24</size>
         <input_file_ref idref="fl-c7"/>
      </object_component>
      <object_component id="oc-15d">
         <name>.debug_abbrev</name>
         <load_address>0x846</load_address>
         <run_address>0x846</run_address>
         <size>0x24</size>
         <input_file_ref idref="fl-c7"/>
      </object_component>
      <object_component id="oc-14e">
         <name>.debug_abbrev</name>
         <load_address>0x86a</load_address>
         <run_address>0x86a</run_address>
         <size>0x24</size>
         <input_file_ref idref="fl-c7"/>
      </object_component>
      <object_component id="oc-153">
         <name>.debug_abbrev</name>
         <load_address>0x88e</load_address>
         <run_address>0x88e</run_address>
         <size>0x4b</size>
         <input_file_ref idref="fl-c7"/>
      </object_component>
      <object_component id="oc-d6">
         <name>.debug_abbrev</name>
         <load_address>0x8d9</load_address>
         <run_address>0x8d9</run_address>
         <size>0x55</size>
         <input_file_ref idref="fl-c8"/>
      </object_component>
      <object_component id="oc-193">
         <name>.debug_abbrev</name>
         <load_address>0x92e</load_address>
         <run_address>0x92e</run_address>
         <size>0xf</size>
      </object_component>
      <object_component id="oc-8a">
         <name>.debug_str</name>
         <load_address>0x0</load_address>
         <run_address>0x0</run_address>
         <size>0x2af</size>
         <input_file_ref idref="fl-1"/>
      </object_component>
      <object_component id="oc-3d">
         <name>.debug_str</name>
         <load_address>0x2af</load_address>
         <run_address>0x2af</run_address>
         <size>0xfc</size>
         <input_file_ref idref="fl-1"/>
      </object_component>
      <object_component id="oc-c6">
         <name>.debug_str</name>
         <load_address>0x3ab</load_address>
         <run_address>0x3ab</run_address>
         <size>0x33e</size>
         <input_file_ref idref="fl-1"/>
      </object_component>
      <object_component id="oc-8f">
         <name>.debug_str</name>
         <load_address>0x6e9</load_address>
         <run_address>0x6e9</run_address>
         <size>0x147</size>
         <input_file_ref idref="fl-1"/>
      </object_component>
      <object_component id="oc-a3">
         <name>.debug_str</name>
         <load_address>0x830</load_address>
         <run_address>0x830</run_address>
         <size>0xfa</size>
         <input_file_ref idref="fl-be"/>
      </object_component>
      <object_component id="oc-d2">
         <name>.debug_str</name>
         <load_address>0x92a</load_address>
         <run_address>0x92a</run_address>
         <size>0x12d</size>
         <input_file_ref idref="fl-be"/>
      </object_component>
      <object_component id="oc-14b">
         <name>.debug_str</name>
         <load_address>0xa57</load_address>
         <run_address>0xa57</run_address>
         <size>0xe2</size>
         <input_file_ref idref="fl-c7"/>
      </object_component>
      <object_component id="oc-15f">
         <name>.debug_str</name>
         <load_address>0xb39</load_address>
         <run_address>0xb39</run_address>
         <size>0x144</size>
         <input_file_ref idref="fl-c7"/>
      </object_component>
      <object_component id="oc-150">
         <name>.debug_str</name>
         <load_address>0xc7d</load_address>
         <run_address>0xc7d</run_address>
         <size>0x13d</size>
         <input_file_ref idref="fl-c7"/>
      </object_component>
      <object_component id="oc-155">
         <name>.debug_str</name>
         <load_address>0xdba</load_address>
         <run_address>0xdba</run_address>
         <size>0x184</size>
         <input_file_ref idref="fl-c7"/>
      </object_component>
      <object_component id="oc-2c">
         <name>.debug_aranges</name>
         <load_address>0x0</load_address>
         <run_address>0x0</run_address>
         <size>0x60</size>
         <input_file_ref idref="fl-1"/>
      </object_component>
      <object_component id="oc-26">
         <name>.debug_aranges</name>
         <load_address>0x60</load_address>
         <run_address>0x60</run_address>
         <size>0x38</size>
         <input_file_ref idref="fl-2"/>
      </object_component>
      <object_component id="oc-79">
         <name>.debug_aranges</name>
         <load_address>0x98</load_address>
         <run_address>0x98</run_address>
         <size>0x88</size>
         <input_file_ref idref="fl-3"/>
      </object_component>
      <object_component id="oc-73">
         <name>.debug_aranges</name>
         <load_address>0x120</load_address>
         <run_address>0x120</run_address>
         <size>0x38</size>
         <input_file_ref idref="fl-4"/>
      </object_component>
      <object_component id="oc-4c">
         <name>.debug_aranges</name>
         <load_address>0x158</load_address>
         <run_address>0x158</run_address>
         <size>0x20</size>
         <input_file_ref idref="fl-be"/>
      </object_component>
      <object_component id="oc-5e">
         <name>.debug_aranges</name>
         <load_address>0x178</load_address>
         <run_address>0x178</run_address>
         <size>0x20</size>
         <input_file_ref idref="fl-c1"/>
      </object_component>
      <object_component id="oc-d9">
         <name>.debug_aranges</name>
         <load_address>0x198</load_address>
         <run_address>0x198</run_address>
         <size>0x20</size>
         <input_file_ref idref="fl-c2"/>
      </object_component>
      <object_component id="oc-e5">
         <name>.debug_aranges</name>
         <load_address>0x1b8</load_address>
         <run_address>0x1b8</run_address>
         <size>0x20</size>
         <input_file_ref idref="fl-c7"/>
      </object_component>
      <object_component id="oc-ad">
         <name>.debug_aranges</name>
         <load_address>0x1d8</load_address>
         <run_address>0x1d8</run_address>
         <size>0x20</size>
         <input_file_ref idref="fl-c8"/>
      </object_component>
      <object_component id="oc-7f">
         <name>.debug_pubnames</name>
         <load_address>0x0</load_address>
         <run_address>0x0</run_address>
         <size>0x4c</size>
         <input_file_ref idref="fl-1"/>
      </object_component>
      <object_component id="oc-2d">
         <name>.debug_pubnames</name>
         <load_address>0x4c</load_address>
         <run_address>0x4c</run_address>
         <size>0x8b</size>
         <input_file_ref idref="fl-1"/>
      </object_component>
      <object_component id="oc-11">
         <name>.debug_pubnames</name>
         <load_address>0xd7</load_address>
         <run_address>0xd7</run_address>
         <size>0x23</size>
         <input_file_ref idref="fl-2"/>
      </object_component>
      <object_component id="oc-27">
         <name>.debug_pubnames</name>
         <load_address>0xfa</load_address>
         <run_address>0xfa</run_address>
         <size>0x4c</size>
         <input_file_ref idref="fl-2"/>
      </object_component>
      <object_component id="oc-7a">
         <name>.debug_pubnames</name>
         <load_address>0x146</load_address>
         <run_address>0x146</run_address>
         <size>0x114</size>
         <input_file_ref idref="fl-3"/>
      </object_component>
      <object_component id="oc-74">
         <name>.debug_pubnames</name>
         <load_address>0x25a</load_address>
         <run_address>0x25a</run_address>
         <size>0x4d</size>
         <input_file_ref idref="fl-4"/>
      </object_component>
      <object_component id="oc-4d">
         <name>.debug_pubnames</name>
         <load_address>0x2a7</load_address>
         <run_address>0x2a7</run_address>
         <size>0x2e</size>
         <input_file_ref idref="fl-be"/>
      </object_component>
      <object_component id="oc-23">
         <name>.debug_pubnames</name>
         <load_address>0x2d5</load_address>
         <run_address>0x2d5</run_address>
         <size>0x1e</size>
         <input_file_ref idref="fl-c1"/>
      </object_component>
      <object_component id="oc-5f">
         <name>.debug_pubnames</name>
         <load_address>0x2f3</load_address>
         <run_address>0x2f3</run_address>
         <size>0x26</size>
         <input_file_ref idref="fl-c1"/>
      </object_component>
      <object_component id="oc-da">
         <name>.debug_pubnames</name>
         <load_address>0x319</load_address>
         <run_address>0x319</run_address>
         <size>0x1c</size>
         <input_file_ref idref="fl-c2"/>
      </object_component>
      <object_component id="oc-e6">
         <name>.debug_pubnames</name>
         <load_address>0x335</load_address>
         <run_address>0x335</run_address>
         <size>0x35</size>
         <input_file_ref idref="fl-c7"/>
      </object_component>
      <object_component id="oc-ae">
         <name>.debug_pubnames</name>
         <load_address>0x36a</load_address>
         <run_address>0x36a</run_address>
         <size>0x27</size>
         <input_file_ref idref="fl-c8"/>
      </object_component>
      <object_component id="oc-87">
         <name>.debug_pubtypes</name>
         <load_address>0x0</load_address>
         <run_address>0x0</run_address>
         <size>0x25c</size>
         <input_file_ref idref="fl-1"/>
      </object_component>
      <object_component id="oc-3a">
         <name>.debug_pubtypes</name>
         <load_address>0x25c</load_address>
         <run_address>0x25c</run_address>
         <size>0xed</size>
         <input_file_ref idref="fl-1"/>
      </object_component>
      <object_component id="oc-c3">
         <name>.debug_pubtypes</name>
         <load_address>0x349</load_address>
         <run_address>0x349</run_address>
         <size>0x325</size>
         <input_file_ref idref="fl-1"/>
      </object_component>
      <object_component id="oc-8c">
         <name>.debug_pubtypes</name>
         <load_address>0x66e</load_address>
         <run_address>0x66e</run_address>
         <size>0xaa</size>
         <input_file_ref idref="fl-1"/>
      </object_component>
      <object_component id="oc-a0">
         <name>.debug_pubtypes</name>
         <load_address>0x718</load_address>
         <run_address>0x718</run_address>
         <size>0x48</size>
         <input_file_ref idref="fl-be"/>
      </object_component>
      <object_component id="oc-cf">
         <name>.debug_pubtypes</name>
         <load_address>0x760</load_address>
         <run_address>0x760</run_address>
         <size>0x1d</size>
         <input_file_ref idref="fl-be"/>
      </object_component>
      <object_component id="oc-148">
         <name>.debug_pubtypes</name>
         <load_address>0x77d</load_address>
         <run_address>0x77d</run_address>
         <size>0x32</size>
         <input_file_ref idref="fl-c7"/>
      </object_component>
      <object_component id="oc-15c">
         <name>.debug_pubtypes</name>
         <load_address>0x7af</load_address>
         <run_address>0x7af</run_address>
         <size>0x30</size>
         <input_file_ref idref="fl-c7"/>
      </object_component>
      <object_component id="oc-14d">
         <name>.debug_pubtypes</name>
         <load_address>0x7df</load_address>
         <run_address>0x7df</run_address>
         <size>0x2c</size>
         <input_file_ref idref="fl-c7"/>
      </object_component>
      <object_component id="oc-152">
         <name>.debug_pubtypes</name>
         <load_address>0x80b</load_address>
         <run_address>0x80b</run_address>
         <size>0x50</size>
         <input_file_ref idref="fl-c7"/>
      </object_component>
   </object_component_list>
   <logical_group_list>
      <logical_group id="lg-3" display="no" color="cyan">
         <name>.intvecs</name>
         <load_address>0x0</load_address>
         <run_address>0x0</run_address>
         <size>0x26c</size>
         <contents>
            <object_component_ref idref="oc-f"/>
         </contents>
      </logical_group>
      <logical_group id="lg-4" display="no" color="cyan">
         <name>.text</name>
         <load_address>0x26c</load_address>
         <run_address>0x26c</run_address>
         <size>0x7ce</size>
         <contents>
            <object_component_ref idref="oc-2a"/>
            <object_component_ref idref="oc-77"/>
            <object_component_ref idref="oc-71"/>
            <object_component_ref idref="oc-e3"/>
            <object_component_ref idref="oc-5c"/>
            <object_component_ref idref="oc-4a"/>
            <object_component_ref idref="oc-24"/>
            <object_component_ref idref="oc-ab"/>
            <object_component_ref idref="oc-d7"/>
         </contents>
      </logical_group>
      <logical_group id="lg-5" display="no" color="cyan">
         <name>.const</name>
         <run_address>0x0</run_address>
         <size>0x0</size>
         <contents>
         </contents>
      </logical_group>
      <logical_group id="lg-6" display="no" color="cyan">
         <name>.cinit</name>
         <load_address>0xa40</load_address>
         <run_address>0xa40</run_address>
         <size>0x14</size>
         <contents>
            <object_component_ref idref="oc-190"/>
            <object_component_ref idref="oc-18e"/>
            <object_component_ref idref="oc-18f"/>
         </contents>
      </logical_group>
      <logical_group id="lg-7" display="no" color="cyan">
         <name>.pinit</name>
         <run_address>0x0</run_address>
         <size>0x0</size>
         <contents>
         </contents>
      </logical_group>
      <logical_group id="lg-8" display="no" color="cyan">
         <name>.init_array</name>
         <run_address>0x0</run_address>
         <size>0x0</size>
         <contents>
         </contents>
      </logical_group>
      <logical_group id="lg-9" display="no" color="cyan">
         <name>.vtable</name>
         <run_address>0x0</run_address>
         <size>0x0</size>
         <contents>
         </contents>
      </logical_group>
      <logical_group id="lg-a" display="no" color="cyan">
         <name>.data</name>
         <run_address>0x0</run_address>
         <size>0x0</size>
         <contents>
         </contents>
      </logical_group>
      <logical_group id="lg-b" display="no" color="cyan">
         <name>.bss</name>
         <run_address>0x20000200</run_address>
         <size>0x10</size>
         <contents>
            <object_component_ref idref="oc-81"/>
            <object_component_ref idref="oc-82"/>
            <object_component_ref idref="oc-7d"/>
            <object_component_ref idref="oc-80"/>
         </contents>
      </logical_group>
      <logical_group id="lg-c" display="no" color="cyan">
         <name>.sysmem</name>
         <run_address>0x0</run_address>
         <size>0x0</size>
         <contents>
         </contents>
      </logical_group>
      <logical_group id="lg-d" display="no" color="cyan">
         <name>.stack</name>
         <run_address>0x20000000</run_address>
         <size>0x200</size>
         <contents>
            <object_component_ref idref="oc-21"/>
            <object_component_ref idref="oc-191"/>
         </contents>
      </logical_group>
      <logical_group id="lg-167" display="no" color="cyan">
         <name>.TI.noinit</name>
         <run_address>0x0</run_address>
         <size>0x0</size>
         <contents>
         </contents>
      </logical_group>
      <logical_group id="lg-168" display="no" color="cyan">
         <name>.TI.persistent</name>
         <run_address>0x0</run_address>
         <size>0x0</size>
         <contents>
         </contents>
      </logical_group>
      <logical_group id="lg-176" display="never" color="cyan">
         <name>.debug_info</name>
         <load_address>0x0</load_address>
         <run_address>0x0</run_address>
         <size>0x40b6</size>
         <contents>
            <object_component_ref idref="oc-7e"/>
            <object_component_ref idref="oc-2b"/>
            <object_component_ref idref="oc-86"/>
            <object_component_ref idref="oc-39"/>
            <object_component_ref idref="oc-c2"/>
            <object_component_ref idref="oc-8b"/>
            <object_component_ref idref="oc-32"/>
            <object_component_ref idref="oc-10"/>
            <object_component_ref idref="oc-25"/>
            <object_component_ref idref="oc-bf"/>
            <object_component_ref idref="oc-78"/>
            <object_component_ref idref="oc-72"/>
            <object_component_ref idref="oc-a4"/>
            <object_component_ref idref="oc-4b"/>
            <object_component_ref idref="oc-9f"/>
            <object_component_ref idref="oc-ce"/>
            <object_component_ref idref="oc-22"/>
            <object_component_ref idref="oc-5d"/>
            <object_component_ref idref="oc-d8"/>
            <object_component_ref idref="oc-122"/>
            <object_component_ref idref="oc-e4"/>
            <object_component_ref idref="oc-147"/>
            <object_component_ref idref="oc-15b"/>
            <object_component_ref idref="oc-14c"/>
            <object_component_ref idref="oc-151"/>
            <object_component_ref idref="oc-ac"/>
            <object_component_ref idref="oc-192"/>
         </contents>
      </logical_group>
      <logical_group id="lg-178" display="never" color="cyan">
         <name>.debug_line</name>
         <load_address>0x0</load_address>
         <run_address>0x0</run_address>
         <size>0xc92</size>
         <contents>
            <object_component_ref idref="oc-c1"/>
            <object_component_ref idref="oc-2e"/>
            <object_component_ref idref="oc-89"/>
            <object_component_ref idref="oc-3c"/>
            <object_component_ref idref="oc-c5"/>
            <object_component_ref idref="oc-8e"/>
            <object_component_ref idref="oc-85"/>
            <object_component_ref idref="oc-31"/>
            <object_component_ref idref="oc-28"/>
            <object_component_ref idref="oc-116"/>
            <object_component_ref idref="oc-7b"/>
            <object_component_ref idref="oc-75"/>
            <object_component_ref idref="oc-d4"/>
            <object_component_ref idref="oc-4e"/>
            <object_component_ref idref="oc-a2"/>
            <object_component_ref idref="oc-d1"/>
            <object_component_ref idref="oc-6f"/>
            <object_component_ref idref="oc-60"/>
            <object_component_ref idref="oc-db"/>
            <object_component_ref idref="oc-146"/>
            <object_component_ref idref="oc-e7"/>
            <object_component_ref idref="oc-14a"/>
            <object_component_ref idref="oc-15e"/>
            <object_component_ref idref="oc-14f"/>
            <object_component_ref idref="oc-154"/>
            <object_component_ref idref="oc-af"/>
         </contents>
      </logical_group>
      <logical_group id="lg-17a" display="never" color="cyan">
         <name>.debug_frame</name>
         <load_address>0x0</load_address>
         <run_address>0x0</run_address>
         <size>0x588</size>
         <contents>
            <object_component_ref idref="oc-2f"/>
            <object_component_ref idref="oc-29"/>
            <object_component_ref idref="oc-7c"/>
            <object_component_ref idref="oc-76"/>
            <object_component_ref idref="oc-4f"/>
            <object_component_ref idref="oc-61"/>
            <object_component_ref idref="oc-dc"/>
            <object_component_ref idref="oc-e8"/>
            <object_component_ref idref="oc-b0"/>
         </contents>
      </logical_group>
      <logical_group id="lg-17c" display="never" color="cyan">
         <name>.debug_abbrev</name>
         <load_address>0x0</load_address>
         <run_address>0x0</run_address>
         <size>0x93d</size>
         <contents>
            <object_component_ref idref="oc-c0"/>
            <object_component_ref idref="oc-83"/>
            <object_component_ref idref="oc-88"/>
            <object_component_ref idref="oc-3b"/>
            <object_component_ref idref="oc-c4"/>
            <object_component_ref idref="oc-8d"/>
            <object_component_ref idref="oc-84"/>
            <object_component_ref idref="oc-30"/>
            <object_component_ref idref="oc-70"/>
            <object_component_ref idref="oc-115"/>
            <object_component_ref idref="oc-be"/>
            <object_component_ref idref="oc-bd"/>
            <object_component_ref idref="oc-d3"/>
            <object_component_ref idref="oc-9e"/>
            <object_component_ref idref="oc-a1"/>
            <object_component_ref idref="oc-d0"/>
            <object_component_ref idref="oc-6e"/>
            <object_component_ref idref="oc-b4"/>
            <object_component_ref idref="oc-117"/>
            <object_component_ref idref="oc-145"/>
            <object_component_ref idref="oc-121"/>
            <object_component_ref idref="oc-149"/>
            <object_component_ref idref="oc-15d"/>
            <object_component_ref idref="oc-14e"/>
            <object_component_ref idref="oc-153"/>
            <object_component_ref idref="oc-d6"/>
            <object_component_ref idref="oc-193"/>
         </contents>
      </logical_group>
      <logical_group id="lg-17e" display="never" color="cyan">
         <name>.debug_str</name>
         <load_address>0x0</load_address>
         <run_address>0x0</run_address>
         <size>0xf3e</size>
         <contents>
            <object_component_ref idref="oc-8a"/>
            <object_component_ref idref="oc-3d"/>
            <object_component_ref idref="oc-c6"/>
            <object_component_ref idref="oc-8f"/>
            <object_component_ref idref="oc-a3"/>
            <object_component_ref idref="oc-d2"/>
            <object_component_ref idref="oc-14b"/>
            <object_component_ref idref="oc-15f"/>
            <object_component_ref idref="oc-150"/>
            <object_component_ref idref="oc-155"/>
         </contents>
      </logical_group>
      <logical_group id="lg-180" display="never" color="cyan">
         <name>.debug_aranges</name>
         <load_address>0x0</load_address>
         <run_address>0x0</run_address>
         <size>0x1f8</size>
         <contents>
            <object_component_ref idref="oc-2c"/>
            <object_component_ref idref="oc-26"/>
            <object_component_ref idref="oc-79"/>
            <object_component_ref idref="oc-73"/>
            <object_component_ref idref="oc-4c"/>
            <object_component_ref idref="oc-5e"/>
            <object_component_ref idref="oc-d9"/>
            <object_component_ref idref="oc-e5"/>
            <object_component_ref idref="oc-ad"/>
         </contents>
      </logical_group>
      <logical_group id="lg-182" display="never" color="cyan">
         <name>.debug_pubnames</name>
         <load_address>0x0</load_address>
         <run_address>0x0</run_address>
         <size>0x391</size>
         <contents>
            <object_component_ref idref="oc-7f"/>
            <object_component_ref idref="oc-2d"/>
            <object_component_ref idref="oc-11"/>
            <object_component_ref idref="oc-27"/>
            <object_component_ref idref="oc-7a"/>
            <object_component_ref idref="oc-74"/>
            <object_component_ref idref="oc-4d"/>
            <object_component_ref idref="oc-23"/>
            <object_component_ref idref="oc-5f"/>
            <object_component_ref idref="oc-da"/>
            <object_component_ref idref="oc-e6"/>
            <object_component_ref idref="oc-ae"/>
         </contents>
      </logical_group>
      <logical_group id="lg-184" display="never" color="cyan">
         <name>.debug_pubtypes</name>
         <load_address>0x0</load_address>
         <run_address>0x0</run_address>
         <size>0x85b</size>
         <contents>
            <object_component_ref idref="oc-87"/>
            <object_component_ref idref="oc-3a"/>
            <object_component_ref idref="oc-c3"/>
            <object_component_ref idref="oc-8c"/>
            <object_component_ref idref="oc-a0"/>
            <object_component_ref idref="oc-cf"/>
            <object_component_ref idref="oc-148"/>
            <object_component_ref idref="oc-15c"/>
            <object_component_ref idref="oc-14d"/>
            <object_component_ref idref="oc-152"/>
         </contents>
      </logical_group>
      <load_segment id="lg-194" display="no" color="cyan">
         <name>SEGMENT_0</name>
         <load_address>0x0</load_address>
         <run_address>0x0</run_address>
         <size>0xa54</size>
         <flags>0x5</flags>
         <contents>
            <logical_group_ref idref="lg-3"/>
            <logical_group_ref idref="lg-4"/>
            <logical_group_ref idref="lg-6"/>
         </contents>
      </load_segment>
      <load_segment id="lg-195" display="no" color="cyan">
         <name>SEGMENT_1</name>
         <run_address>0x20000000</run_address>
         <size>0x210</size>
         <flags>0x6</flags>
         <contents>
            <logical_group_ref idref="lg-d"/>
            <logical_group_ref idref="lg-b"/>
         </contents>
      </load_segment>
   </logical_group_list>
   <placement_map>
      <memory_area display="yes" color="green">
         <name>FLASH</name>
         <page_id>0x0</page_id>
         <origin>0x0</origin>
         <length>0x40000</length>
         <used_space>0xa4e</used_space>
         <unused_space>0x3f5b2</unused_space>
         <attributes>RX</attributes>
         <usage_details>
            <allocated_space>
               <start_address>0x0</start_address>
               <size>0x26c</size>
               <logical_group_ref idref="lg-3"/>
            </allocated_space>
            <allocated_space>
               <start_address>0x26c</start_address>
               <size>0x7ce</size>
               <logical_group_ref idref="lg-4"/>
            </allocated_space>
            <available_space>
               <start_address>0xa3a</start_address>
               <size>0x6</size>
            </available_space>
            <allocated_space>
               <start_address>0xa40</start_address>
               <size>0x14</size>
               <logical_group_ref idref="lg-6"/>
            </allocated_space>
            <available_space>
               <start_address>0xa54</start_address>
               <size>0x3f5ac</size>
            </available_space>
         </usage_details>
      </memory_area>
      <memory_area display="yes" color="green">
         <name>SRAM</name>
         <page_id>0x0</page_id>
         <origin>0x20000000</origin>
         <length>0x8000</length>
         <used_space>0x210</used_space>
         <unused_space>0x7df0</unused_space>
         <attributes>RWX</attributes>
         <usage_details>
            <allocated_space>
               <start_address>0x20000000</start_address>
               <size>0x200</size>
               <logical_group_ref idref="lg-d"/>
            </allocated_space>
            <allocated_space>
               <start_address>0x20000200</start_address>
               <size>0x10</size>
               <logical_group_ref idref="lg-b"/>
            </allocated_space>
            <available_space>
               <start_address>0x20000210</start_address>
               <size>0x7df0</size>
            </available_space>
         </usage_details>
      </memory_area>
   </placement_map>
   <cptbl_list>
      <cptbl>
         <name>__TI_cinit_table</name>
         <cprec>
            <name>.bss</name>
            <load_address>0xa40</load_address>
            <load_size>0x8</load_size>
            <run_address>0x20000200</run_address>
            <run_size>0x10</run_size>
            <compression>zero_init</compression>
         </cprec>
      </cptbl>
   </cptbl_list>
   <handler_table>
      <handler_table_name>__TI_handler_table</handler_table_name>
      <handler>
         <index>0x0</index>
         <name>__TI_zero_init</name>
      </handler>
   </handler_table>
   <symbol_table>
      <symbol id="sm-1">
         <name>__STACK_TOP</name>
         <value>0x20000200</value>
      </symbol>
      <symbol id="sm-2">
         <name>__TI_CINIT_Base</name>
         <value>0xa4c</value>
      </symbol>
      <symbol id="sm-3">
         <name>__TI_CINIT_Limit</name>
         <value>0xa54</value>
      </symbol>
      <symbol id="sm-4">
         <name>__TI_Handler_Table_Base</name>
         <value>0xa48</value>
      </symbol>
      <symbol id="sm-5">
         <name>__TI_Handler_Table_Limit</name>
         <value>0xa4c</value>
      </symbol>
      <symbol id="sm-6">
         <name>binit</name>
         <value>0xffffffff</value>
      </symbol>
      <symbol id="sm-7">
         <name>__binit__</name>
         <value>0xffffffff</value>
      </symbol>
      <symbol id="sm-8">
         <name>__STACK_SIZE</name>
         <value>0x200</value>
      </symbol>
      <symbol id="sm-9">
         <name>__STACK_END</name>
         <value>0x20000200</value>
      </symbol>
      <symbol id="sm-a">
         <name>__c_args__</name>
         <value>0xffffffff</value>
      </symbol>
      <symbol id="sm-b">
         <name>__TI_pprof_out_hndl</name>
         <value>0xffffffff</value>
      </symbol>
      <symbol id="sm-c">
         <name>__TI_prof_data_start</name>
         <value>0xffffffff</value>
      </symbol>
      <symbol id="sm-d">
         <name>__TI_prof_data_size</name>
         <value>0xffffffff</value>
      </symbol>
      <symbol id="sm-7b">
         <name>microsAtual</name>
         <value>0x20000208</value>
      </symbol>
      <symbol id="sm-7c">
         <name>millisAtual</name>
         <value>0x2000020c</value>
      </symbol>
      <symbol id="sm-7d">
         <name>leituraX</name>
         <value>0x20000200</value>
      </symbol>
      <symbol id="sm-7e">
         <name>leituraY</name>
         <value>0x20000204</value>
      </symbol>
      <symbol id="sm-7f">
         <name>main</name>
         <value>0x4d7</value>
         <object_component_ref idref="oc-2a"/>
      </symbol>
      <symbol id="sm-80">
         <name>trataST</name>
         <value>0x4ef</value>
         <object_component_ref idref="oc-2a"/>
      </symbol>
      <symbol id="sm-81">
         <name>setup</name>
         <value>0x26d</value>
         <object_component_ref idref="oc-2a"/>
      </symbol>
      <symbol id="sm-82">
         <name>trataPortA</name>
         <value>0x51d</value>
         <object_component_ref idref="oc-2a"/>
      </symbol>
      <symbol id="sm-83">
         <name>trataPortB</name>
         <value>0x53b</value>
         <object_component_ref idref="oc-2a"/>
      </symbol>
      <symbol id="sm-84">
         <name>trataPortC</name>
         <value>0x53d</value>
         <object_component_ref idref="oc-2a"/>
      </symbol>
      <symbol id="sm-85">
         <name>trataPortD</name>
         <value>0x53f</value>
         <object_component_ref idref="oc-2a"/>
      </symbol>
      <symbol id="sm-86">
         <name>trataPortE</name>
         <value>0x541</value>
         <object_component_ref idref="oc-2a"/>
      </symbol>
      <symbol id="sm-87">
         <name>trataPortF</name>
         <value>0x543</value>
         <object_component_ref idref="oc-2a"/>
      </symbol>
      <symbol id="sm-a3">
         <name>ResetISR</name>
         <value>0xa27</value>
         <object_component_ref idref="oc-24"/>
      </symbol>
      <symbol id="sm-a4">
         <name>g_pfnVectors</name>
         <value>0x0</value>
         <object_component_ref idref="oc-f"/>
      </symbol>
      <symbol id="sm-f3">
         <name>ativarADC</name>
         <value>0x691</value>
         <object_component_ref idref="oc-77"/>
      </symbol>
      <symbol id="sm-f4">
         <name>setarBit</name>
         <value>0x5f1</value>
         <object_component_ref idref="oc-77"/>
      </symbol>
      <symbol id="sm-f5">
         <name>lerBit</name>
         <value>0x63b</value>
         <object_component_ref idref="oc-77"/>
      </symbol>
      <symbol id="sm-f6">
         <name>inverterBit</name>
         <value>0x621</value>
         <object_component_ref idref="oc-77"/>
      </symbol>
      <symbol id="sm-f7">
         <name>ativarRCGC</name>
         <value>0x679</value>
         <object_component_ref idref="oc-77"/>
      </symbol>
      <symbol id="sm-f8">
         <name>configurarUART0</name>
         <value>0x833</value>
         <object_component_ref idref="oc-77"/>
      </symbol>
      <symbol id="sm-f9">
         <name>configurarADC1</name>
         <value>0x7a3</value>
         <object_component_ref idref="oc-77"/>
      </symbol>
      <symbol id="sm-fa">
         <name>configurarADC0</name>
         <value>0x713</value>
         <object_component_ref idref="oc-77"/>
      </symbol>
      <symbol id="sm-fb">
         <name>configurarFilaADC0</name>
         <value>0x747</value>
         <object_component_ref idref="oc-77"/>
      </symbol>
      <symbol id="sm-fc">
         <name>configurarFilaADC1</name>
         <value>0x7d7</value>
         <object_component_ref idref="oc-77"/>
      </symbol>
      <symbol id="sm-fd">
         <name>configurarInterrupcao</name>
         <value>0x6a9</value>
         <object_component_ref idref="oc-77"/>
      </symbol>
      <symbol id="sm-fe">
         <name>habilitarADCPorts</name>
         <value>0x6f5</value>
         <object_component_ref idref="oc-77"/>
      </symbol>
      <symbol id="sm-ff">
         <name>escreverUART0</name>
         <value>0x89b</value>
         <object_component_ref idref="oc-77"/>
      </symbol>
      <symbol id="sm-100">
         <name>configurarPino</name>
         <value>0x653</value>
         <object_component_ref idref="oc-77"/>
      </symbol>
      <symbol id="sm-113">
         <name>configurarSysTick</name>
         <value>0x945</value>
         <object_component_ref idref="oc-71"/>
      </symbol>
      <symbol id="sm-114">
         <name>delay</name>
         <value>0x95d</value>
         <object_component_ref idref="oc-71"/>
      </symbol>
      <symbol id="sm-115">
         <name>getMillis</name>
         <value>0x97b</value>
         <object_component_ref idref="oc-71"/>
      </symbol>
      <symbol id="sm-116">
         <name>getMicro</name>
         <value>0x981</value>
         <object_component_ref idref="oc-71"/>
      </symbol>
      <symbol id="sm-12f">
         <name>__TI_zero_init_nomemset</name>
         <value>0xa15</value>
         <object_component_ref idref="oc-4a"/>
      </symbol>
      <symbol id="sm-144">
         <name>__stack</name>
         <value>0x20000000</value>
         <object_component_ref idref="oc-21"/>
      </symbol>
      <symbol id="sm-145">
         <name>_c_int00_noargs</name>
         <value>0x9dd</value>
         <object_component_ref idref="oc-5c"/>
      </symbol>
      <symbol id="sm-150">
         <name>C$$EXIT</name>
         <value>0xa37</value>
         <object_component_ref idref="oc-d7"/>
      </symbol>
      <symbol id="sm-151">
         <name>abort</name>
         <value>0xa37</value>
         <object_component_ref idref="oc-d7"/>
      </symbol>
      <symbol id="sm-17d">
         <name>__TI_auto_init_nobinit_nopinit</name>
         <value>0x999</value>
         <object_component_ref idref="oc-e3"/>
      </symbol>
      <symbol id="sm-187">
         <name>_system_pre_init</name>
         <value>0xa33</value>
         <object_component_ref idref="oc-ab"/>
      </symbol>
      <symbol id="sm-189">
         <name>__TI_static_base__</name>
         <value>0x0</value>
      </symbol>
      <symbol id="sm-18b">
         <name>__mpu_init</name>
         <value>0x0</value>
      </symbol>
      <symbol id="sm-18c">
         <name>_system_post_cinit</name>
         <value>0x0</value>
      </symbol>
   </symbol_table>
   <title>Link successful</title>
</link_info>
