******************************************************************************
                  TI ARM Linker Unix v18.1.1                   
******************************************************************************
>> Linked Tue Jul  3 23:59:54 2018

OUTPUT FILE NAME:   <projeto2 Joystick.out>
ENTRY POINT SYMBOL: "_c_int00_noargs"  address: 000009dd


MEMORY CONFIGURATION

         name            origin    length      used     unused   attr    fill
----------------------  --------  ---------  --------  --------  ----  --------
  FLASH                 00000000   00040000  00000a4e  0003f5b2  R  X
  SRAM                  20000000   00008000  00000210  00007df0  RW X


SEGMENT ALLOCATION MAP

run origin  load origin   length   init length attrs members
----------  ----------- ---------- ----------- ----- -------
00000000    00000000    00000a54   00000a54    r-x
  00000000    00000000    0000026c   0000026c    r-- .intvecs
  0000026c    0000026c    000007ce   000007ce    r-x .text
  00000a40    00000a40    00000014   00000014    r-- .cinit
20000000    20000000    00000210   00000000    rw-
  20000000    20000000    00000200   00000000    rw- .stack
  20000200    20000200    00000010   00000000    rw- .bss


SECTION ALLOCATION MAP

 output                                  attributes/
section   page    origin      length       input sections
--------  ----  ----------  ----------   ----------------
.intvecs   0    00000000    0000026c     
                  00000000    0000026c     tm4c123gh6pm_startup_ccs.obj (.intvecs)

.text      0    0000026c    000007ce     
                  0000026c    00000384     main.obj (.text)
                  000005f0    00000354     gpioUtils.obj (.text)
                  00000944    00000054     utilitarioTiva.obj (.text)
                  00000998    00000044     rtsv7M4_T_le_v4SPD16_eabi.lib : autoinit.c.obj (.text:__TI_auto_init_nobinit_nopinit:__TI_auto_init_nobinit_nopinit)
                  000009dc    00000038                                   : boot_cortex_m.c.obj (.text:_c_int00_noargs:_c_int00_noargs)
                  00000a14    00000012                                   : copy_zero_init.c.obj (.text:decompress:ZI:__TI_zero_init_nomemset:__TI_zero_init_nomemset)
                  00000a26    0000000c     tm4c123gh6pm_startup_ccs.obj (.text)
                  00000a32    00000004     rtsv7M4_T_le_v4SPD16_eabi.lib : pre_init.c.obj (.text:_system_pre_init)
                  00000a36    00000004                                   : exit.c.obj (.text:abort:abort)

.cinit     0    00000a40    00000014     
                  00000a40    00000008     (.cinit..bss.load) [load image, compression = zero_init]
                  00000a48    00000004     (__TI_handler_table)
                  00000a4c    00000008     (__TI_cinit_table)

.init_array 
*          0    00000000    00000000     UNINITIALIZED

.bss       0    20000200    00000010     UNINITIALIZED
                  20000200    00000004     (.common:leituraX)
                  20000204    00000004     (.common:leituraY)
                  20000208    00000004     (.common:microsAtual)
                  2000020c    00000004     (.common:millisAtual)

.stack     0    20000000    00000200     UNINITIALIZED
                  20000000    00000004     rtsv7M4_T_le_v4SPD16_eabi.lib : boot_cortex_m.c.obj (.stack)
                  20000004    000001fc     --HOLE--

MODULE SUMMARY

       Module                         code   ro data   rw data
       ------                         ----   -------   -------
    ./
       main.obj                       900    0         16     
       tm4c123gh6pm_startup_ccs.obj   12     620       0      
    +--+------------------------------+------+---------+---------+
       Total:                         912    620       16     
                                                              
    ./bibliotecas/
       gpioUtils.obj                  852    0         0      
       utilitarioTiva.obj             84     0         0      
    +--+------------------------------+------+---------+---------+
       Total:                         936    0         0      
                                                              
    /opt/ti/ccsv8/tools/compiler/ti-cgt-arm_18.1.1.LTS/lib/rtsv7M4_T_le_v4SPD16_eabi.lib
       autoinit.c.obj                 68     0         0      
       boot_cortex_m.c.obj            56     0         0      
       copy_zero_init.c.obj           18     0         0      
       exit.c.obj                     4      0         0      
       pre_init.c.obj                 4      0         0      
    +--+------------------------------+------+---------+---------+
       Total:                         150    0         0      
                                                              
       Stack:                         0      0         512    
       Linker Generated:              0      20        0      
    +--+------------------------------+------+---------+---------+
       Grand Total:                   1998   640       528    


LINKER GENERATED COPY TABLES

__TI_cinit_table @ 00000a4c records: 1, size/record: 8, table size: 8
	.bss: load addr=00000a40, load size=00000008 bytes, run addr=20000200, run size=00000010 bytes, compression=zero_init


LINKER GENERATED HANDLER TABLE

__TI_handler_table @ 00000a48 records: 1, size/record: 4, table size: 4
	index: 0, handler: __TI_zero_init


GLOBAL SYMBOLS: SORTED ALPHABETICALLY BY Name 

address   name                          
-------   ----                          
00000a37  C$$EXIT                       
00000a27  ResetISR                      
20000200  __STACK_END                   
00000200  __STACK_SIZE                  
20000200  __STACK_TOP                   
00000a4c  __TI_CINIT_Base               
00000a54  __TI_CINIT_Limit              
00000a48  __TI_Handler_Table_Base       
00000a4c  __TI_Handler_Table_Limit      
00000999  __TI_auto_init_nobinit_nopinit
ffffffff  __TI_pprof_out_hndl           
ffffffff  __TI_prof_data_size           
ffffffff  __TI_prof_data_start          
00000000  __TI_static_base__            
00000a15  __TI_zero_init_nomemset       
ffffffff  __binit__                     
ffffffff  __c_args__                    
UNDEFED   __mpu_init                    
20000000  __stack                       
000009dd  _c_int00_noargs               
UNDEFED   _system_post_cinit            
00000a33  _system_pre_init              
00000a37  abort                         
00000691  ativarADC                     
00000679  ativarRCGC                    
ffffffff  binit                         
00000713  configurarADC0                
000007a3  configurarADC1                
00000747  configurarFilaADC0            
000007d7  configurarFilaADC1            
000006a9  configurarInterrupcao         
00000653  configurarPino                
00000945  configurarSysTick             
00000833  configurarUART0               
0000095d  delay                         
0000089b  escreverUART0                 
00000000  g_pfnVectors                  
00000981  getMicro                      
0000097b  getMillis                     
000006f5  habilitarADCPorts             
00000621  inverterBit                   
20000200  leituraX                      
20000204  leituraY                      
0000063b  lerBit                        
000004d7  main                          
20000208  microsAtual                   
2000020c  millisAtual                   
000005f1  setarBit                      
0000026d  setup                         
0000051d  trataPortA                    
0000053b  trataPortB                    
0000053d  trataPortC                    
0000053f  trataPortD                    
00000541  trataPortE                    
00000543  trataPortF                    
000004ef  trataST                       


GLOBAL SYMBOLS: SORTED BY Symbol Address 

address   name                          
-------   ----                          
00000000  __TI_static_base__            
00000000  g_pfnVectors                  
00000200  __STACK_SIZE                  
0000026d  setup                         
000004d7  main                          
000004ef  trataST                       
0000051d  trataPortA                    
0000053b  trataPortB                    
0000053d  trataPortC                    
0000053f  trataPortD                    
00000541  trataPortE                    
00000543  trataPortF                    
000005f1  setarBit                      
00000621  inverterBit                   
0000063b  lerBit                        
00000653  configurarPino                
00000679  ativarRCGC                    
00000691  ativarADC                     
000006a9  configurarInterrupcao         
000006f5  habilitarADCPorts             
00000713  configurarADC0                
00000747  configurarFilaADC0            
000007a3  configurarADC1                
000007d7  configurarFilaADC1            
00000833  configurarUART0               
0000089b  escreverUART0                 
00000945  configurarSysTick             
0000095d  delay                         
0000097b  getMillis                     
00000981  getMicro                      
00000999  __TI_auto_init_nobinit_nopinit
000009dd  _c_int00_noargs               
00000a15  __TI_zero_init_nomemset       
00000a27  ResetISR                      
00000a33  _system_pre_init              
00000a37  C$$EXIT                       
00000a37  abort                         
00000a48  __TI_Handler_Table_Base       
00000a4c  __TI_CINIT_Base               
00000a4c  __TI_Handler_Table_Limit      
00000a54  __TI_CINIT_Limit              
20000000  __stack                       
20000200  __STACK_END                   
20000200  __STACK_TOP                   
20000200  leituraX                      
20000204  leituraY                      
20000208  microsAtual                   
2000020c  millisAtual                   
ffffffff  __TI_pprof_out_hndl           
ffffffff  __TI_prof_data_size           
ffffffff  __TI_prof_data_start          
ffffffff  __binit__                     
ffffffff  __c_args__                    
ffffffff  binit                         
UNDEFED   __mpu_init                    
UNDEFED   _system_post_cinit            

[56 symbols]
